Checking table: Programat3fc4
Checking table: ADDRESS MAPat3f72
Checking table: Memory Blocksat3ef8
Checking table: Sub Memory Blocksat3e72
Checking table: File Bytesat3dfb
Checking table: Instructionsat3db1
Checking table: Dataat3d72
Checking table: Commentsat3d1a
Checking table: Comment Historyat3ca6
Checking table: Comment Historyat3c69
Checking table: Prototypesat3c18
Checking table: ContextTableat3bd0
Checking table: Function Dataat3b2a
Checking table: Thunk Functionsat3adf
Checking table: Thunk Functionsat3aa2
Checking table: Symbolsat39d6
Checking table: Symbolsat39a1
Checking table: Symbolsat396c
Checking table: Symbolsat3937
Checking table: Symbolsat3902
Checking table: Symbolsat38cd
Checking table: Symbolsat3898
Checking table: Symbolsat3863
Checking table: Label Historyat3808
Checking table: Label Historyat37cd
Checking table: Variable Storageat3785
Checking table: Variable Storageat3747
Checking table: FROM REFSat36f2
Checking table: TO REFSat3696
Checking table: Equatesat364b
Checking table: Equatesat3616
Checking table: Equate Referencesat35a2
Checking table: Equate Referencesat3563
Checking table: Equate Referencesat3524
Checking table: Calling Conventionsat34e3
Checking table: Built-in datatypesat3480
Checking table: Built-in datatypesat3440
Checking table: Categoriesat33f4
Checking table: Categoriesat33bc
Checking table: Arraysat335f
Checking table: Arraysat332b
Checking table: Typedefsat327c
Checking table: Typedefsat3246
Checking table: Typedefsat3210
Checking table: Composite Data Typesat311f
Checking table: Composite Data Typesat30dd
Checking table: Composite Data Typesat309b
Checking table: Component Data Typesat3009
Checking table: Component Data Typesat2fc7
Checking table: Function Definitionsat2ef4
Checking table: Function Definitionsat2eb2
Checking table: Function Definitionsat2e70
Checking table: Function Parametersat2de8
Checking table: Function Parametersat2da7
Checking table: Default Settingsat2d29
Checking table: Default Settingsat2ceb
Checking table: Default Settings Namesat2c97
Checking table: Pointersat2c3c
Checking table: Pointersat2c06
Checking table: Enumeration Data Typesat2b55
Checking table: Enumeration Data Typesat2b11
Checking table: Enumeration Data Typesat2acd
Checking table: Enumeration Valuesat2a69
Checking table: Enumeration Valuesat2a29
Checking table: DT_PARENT_CHILDat29dc
Checking table: DT_PARENT_CHILDat299f
Checking table: DT_PARENT_CHILDat2962
Checking table: Data Type Archive IDsat28e5
Checking table: Instance Settingsat2866
Checking table: Instance Settingsat2827
Checking table: Instance Settings Namesat27d2
Checking table: DataTypeManagerat2793
Checking table: Propertiesat2742
Checking table: Bookmark Typesat2706
Checking table: Treesat26bd
Checking table: Treesat268a
Checking table: Relocationsat2621
Checking table: Relocationsat25e8
Checking table: Parent/Child Relationships0at2582
Checking table: Parent/Child Relationships0at2539
Checking table: Parent/Child Relationships0at24f0
Checking table: Module Table0at249e
Checking table: Module Table0at2463
Checking table: Fragment Table0at241b
Checking table: Fragment Table0at23de
Checking table: Property Tableat2390
Checking table: Range Map - Fragment Addresses0at233c
Checking table: Range Map - Fragment Addresses0at22ef
Checking table: Overlay Spacesat2294
Checking table: Property Map - Lengthsat224a
Checking table: Range Map - SCOPE ADDRESSESat21fa
Checking table: Range Map - SCOPE ADDRESSESat21b1
Checking table: Metadataat2175